TLNK Linker, Version 91.1, Copyright (c) 1986-1991 by Logical Systems

Reading input file: inst_main.trl
debug_line	protection	*chan_list	trace_flag	*ChanAlloc	*ProcAlloc
*ProcRunLow	hk_names	Cntrl_to_HK_A2D	HK_A2D	*Hka2d	data_simul
HK_XM	my_unit	*mem_init	echo_float	SCBreg_lock	dbus_lock
var_lock	idxlock	spad_mode	echo_me	status_report	wheel_pos
SCBreg_ptr	iconSrcID	main	A2D_vals	A2D_array	deactivate
cp_state	filter_number	num_arrays	hk_norms	Writer_to_Control	srvo_control
stdbuf	hk_buf	debug	*send_debug	Reader_to_Writer	Control_to_Reader
Pic_Ctrl_to_Reader	HK_A2D_to_Reader	Reader	Writer	*reader	*writer
Cntrl_to_Pic_Ctrl	ARRAY_Cntrl	DEV_Cntrl	*INSTcmndctrl	SCBreg_val	a2d_freeze
hkbufix	

Reading input file: inst_ctrl.trl
*Cntrl_to_HK_A2D	init_inst	*status_report	*A2D_array	*mod_scb_reg	*control
*hk_buf	*debug	INSTcmndctrl	

Reading input file: inst_hka2d.trl
*trace_flag	*mem_alloc	*Cntrl_to_HK_A2D	Hka2d	*idxlock	*var_lock
*dbus_lock	*var_ptr	*mod_scb_reg	*_node_number	*hk_buf	*send_debug
*write_dbus	*read_dbus	ReadOneHK	*Control_to_Reader	read_onehk	*_SemP
*_SemV	*chdesc	*hkcdesc	*a2d_freeze	*hkbufix	

Reading input file: inst_cmnds.trl
*abort_img	*protection	chan_list	mem_size	*trace_flag	*bad_msg
setv_cmnds	readv_cmnds	*data_simul	*setDataSimul	*readDataSimul	poweroff
*read_hk	*check_hk	*echo_me	*status_report	memory	*wheel_pos
*array_d2a	var_ptr	*set_camera_pwr	*read_camera_pwr	command	num_command
*deactivate	*cp_state	scb_reg	*filter_number	*num_arrays	*hk_buf
*no_set	mem_blocks	*read_onehk	*DEBUG_CHAN	*SCBreg_val	*var
*set_var	*set_SCBreg_var	*start_picture	*set_d2a_var	*read_var	*read_d2a_var
*read_servo_var	mem_use	*a2d_freeze	

Reading input file: cmnd_funcs.trl
abort_img	*tolerance	*idxlock	*inst	check_hk	*hk_buf
*send_debug	*Cntrl_to_Pic_Ctrl	*_SemP	*_SemV	start_picture	*a2d_freeze
*hkbufix	

Reading input file: arr_ctrl.trl
*protection	*trace_flag	*setd2a_12b	tolerance	*dbus_lock	inst
*sprintf	array_d2a	*mod_scb_reg	*send_debug	*write_dbus	arr_d2a_set
*ReadOneHK	ucode_def	proc_def	ucode_cur	data_order	arr_d2a_read
*_SemP	*_SemV	chdesc	hkcdesc	arr_dconfig	arr_set_fconfig
arr_power	

Reading input file: inst_setvars.trl
*trace_flag	setDataSimul	*inst	set_spad_mode	*write_spad_mode	set_camera_pwr
*mod_scb_reg	*send_debug	no_set	*arr_d2a_set	*me_servo_cmd	*sol_servo_cmd
*SCBreg_val	set_SCBreg_var	set_d2a_var	set_servo_var	*arr_power	

Reading input file: inst_rdvars.trl
*trace_flag	*mem_alloc	readDataSimul	*inst	read_spad_mode	read_hk
*array_d2a	*var_ptr	read_camera_pwr	*_node_number	*send_debug	*write_dbus
*read_dbus	*me_servo_cmd	*sol_servo_cmd	*Control_to_Reader	*arr_d2a_read	*SCBreg_val
read_d2a_var	read_servo_var	

Reading input file: inst_hdw.trl
*trace_flag	setd2a_12b	strobe_a2d	*SCBreg_lock	*dbus_lock	write_spad_mode
read_spmode	*SCBreg_ptr	mod_scb_reg	*scb_reg	*send_debug	write_dbus
read_dbus	write_a2daddr	*_SemP	*_SemV	*SCBreg_val	*a2d_freeze

Reading input file: dev_funcs.trl
*trace_flag	servo_delay	*dbus_lock	*inst	updpos	*wheel_pos
*abs	*mod_scb_reg	*send_debug	*write_dbus	me_servo_cmd	sol_servo_cmd
*_SemP	*_SemV	safe_devs	

Reading input file: ../common/mem.trl
mem_print	*mem_size	mem_alloc	mem_init	*sprintf	*memory
mem_free	*_node_number	*strcat	*send_debug	mem_sem	*mem_blocks
*_HSemP	*_HSemV	*mem_use	

Reading input file: ../common/control.trl
*trace_flag	*num_command	*command	*mem_free	control	*Writer_to_Control
*send_debug	*var	

Reading input file: ../common/debug.trl
*ProcAltList	*strlen	*q_alloc	*ChanAlloc	*ProcAlloc	*mem_alloc
*vsprintf	*_node_number	debug_buf	send_debug	*ProcRun	*deq
*emptyq	*_HSemP	*_HSemV	debug_send	*enq	DEBUG_CHAN

Reading input file: ../common/talk.trl
*chan_list	*fullq	*q_alloc	*malloc	*mem_alloc	*ProcSkipAlt
*mem_free	*_node_number	*Writer_to_Control	*deq	router	reader
*Reader_to_Writer	writer	*emptyq	*enq	out_chan	hw_chan

Reading input file: ../common/var_sr.trl
*strlen	*mem_alloc	*var_ptr	*_node_number	*send_debug	*Control_to_Reader
set_var	read_var	

Reading input file: ../common/queue.trl
fullq	q_alloc	*malloc	deq	emptyq	enq

Reading input file: ../common/var.trl
*trace_flag	*readv_cmnds	*setv_cmnds	*mem_free	*send_debug	var

Reading input file: ../common/message.trl
bad_msg	*send_debug	

Reading file 'abs.trl' from library: /dlirim0/gn.2/tptools/lib/t8lib.tll
abs	labs	

Reading file 'alt.trl' from library: /dlirim0/gn.2/tptools/lib/t8lib.tll
ProcAltList	ProcSkipAltList	ProcTimerAltList	ProcAlt	ProcSkipAlt	ProcTimerAlt

Reading file 'conc.trl' from library: /dlirim0/gn.2/tptools/lib/t8lib.tll
ProcParList	*ProcToLow	ProcRunLow	ProcInit	*PJoin	ProcPar
ProcPriPar	ProcParam	ProcRun	*PStop	ProcRunHigh	

Reading file 'proc.trl' from library: /dlirim0/gn.2/tptools/lib/t8lib.tll
PJoin	*bcopy	PHalt	PRun	PStop	PSetup

Reading file 'bcopy.trl' from library: /dlirim0/gn.2/tptools/lib/t8lib.tll
bcopy	

Reading file 'nsstart.trl' from library: /dlirim0/gn.2/tptools/lib/t8lib.tll
*ChanIn	*_boot_chan_in	*_host_chan_in	*_boot_chan_out	*ChanOut	*_host_chan_out
*_HostOut	*main	_ns_main	*_node_number	*_HostIn	*_ns_exit

Reading file 'comm.trl' from library: /dlirim0/gn.2/tptools/lib/t8lib.tll
ChanInInt	ChanOutInt	ChanIn	ChanOut	ChanReset	ChanInChar
ChanOutChar	

Reading file 'print.trl' from library: /dlirim0/gn.2/tptools/lib/t8lib.tll
*strlen	sprintf	vsprintf	*_ctype_	*memmove	*strchr
_fmt	

Reading file 'ctype.trl' from library: /dlirim0/gn.2/tptools/lib/t8lib.tll
_ctype_	toupper	tolower	

Reading file 'nsio.trl' from library: /dlirim0/gn.2/tptools/lib/t8lib.tll
_ns_printf	*_host_chan_out	_ns_exit	

Reading file 'talloc.trl' from library: /dlirim0/gn.2/tptools/lib/t8lib.tll
ChanAlloc	*malloc	ProcAlloc	SemAlloc	ChanFree	*free
ProcFree	SemFree	

Reading file 'free.trl' from library: /dlirim0/gn.2/tptools/lib/t8lib.tll
*_freelist	*ProcToLow	cfree	free	*ProcToHigh	

Reading file 'malloc.trl' from library: /dlirim0/gn.2/tptools/lib/t8lib.tll
*_freelist	malloc	*ProcToLow	*_heapstart	*_heapend	*ProcToHigh

Reading file 'env.trl' from library: /dlirim0/gn.2/tptools/lib/t8lib.tll
_freelist	_boot_chan_in	_host_chan_in	_boot_chan_out	_host_chan_out	_HostOut
_heapstart	_node_number	_HostIn	_heapend	

Reading file 'memmove.trl' from library: /dlirim0/gn.2/tptools/lib/t8lib.tll
memmove	

Reading file 'pv.trl' from library: /dlirim0/gn.2/tptools/lib/t8lib.tll
*ProcToLow	_HSemP	_SemP	_HSemV	_SemV	*ProcToHigh

Reading file 'strcat.trl' from library: /dlirim0/gn.2/tptools/lib/t8lib.tll
strcat	

Reading file 'strchr.trl' from library: /dlirim0/gn.2/tptools/lib/t8lib.tll
strchr	

Reading file 'strlen.trl' from library: /dlirim0/gn.2/tptools/lib/t8lib.tll
strlen	

Reading file 'switchp.trl' from library: /dlirim0/gn.2/tptools/lib/t8lib.tll
ProcToLow	ProcToHigh	
TLNK Linker, Version 91.1, Copyright (c) 1986-1991 by Logical Systems

Module load map:

Module #0:
	Start:	0x80001000	End:	0x80011963	Size:	0x10964
Module #0 contained 0x10964 (67940) bytes

Module #254:
	Start:	0x80011964	End:	0x80011967	Size:	0x4
Module #254 contained 0x4 (4) bytes
TLNK Linker, Version 91.1, Copyright (c) 1986-1991 by Logical Systems

Symbol table:

A2D_array	0x80001554	A2D_vals	0x80001954	ARRAY_Cntrl	0x8000ADAC
ChanAlloc	0x800114C4	ChanFree	0x800114D6	ChanIn	0x800106CC
ChanInChar	0x800106D2	ChanInInt	0x800106DD	ChanOut	0x800106E7
ChanOutChar	0x800106ED	ChanOutInt	0x800106F3	ChanReset	0x800106F9
Cntrl_to_HK_A2D	0x80001074	Cntrl_to_Pic_Ctrl	0x80001078	Control_to_Reader	0x80001070
DEBUG_CHAN	0x8000FB38	DEV_Cntrl	0x8000ADB0	HK_A2D	0x8000ADA4
HK_A2D_to_Reader	0x80001080	HK_XM	0x8000ADA8	Hka2d	0x8000B07C
INSTcmndctrl	0x8000B02C	PHalt	0x800105F8	PJoin	0x80010603
PRun	0x80010613	PSetup	0x80010618	PStop	0x8001065C
Pic_Ctrl_to_Reader	0x8000107C	ProcAlloc	0x800114DB	ProcAlt	0x80010418
ProcAltList	0x8001041C	ProcFree	0x80011550	ProcInit	0x800104EC
ProcPar	0x80010520	ProcParList	0x80010538	ProcParam	0x80010525
ProcPriPar	0x80010578	ProcRun	0x800105AD	ProcRunHigh	0x800105C7
ProcRunLow	0x800105DD	ProcSkipAlt	0x80010456	ProcSkipAltList	0x8001045A
ProcTimerAlt	0x8001049F	ProcTimerAltList	0x800104A4	ProcToHigh	0x80011948
ProcToLow	0x8001192C	ReadOneHK	0x8000B1C0	Reader	0x8000AD9C
Reader_to_Writer	0x80001068	SCBreg_lock	0x80001484	SCBreg_ptr	0x800014B4
SCBreg_val	0x800014B8	SemAlloc	0x80011559	SemFree	0x80011572
Writer	0x8000ADA0	Writer_to_Control	0x8000106C	_HSemP	0x80011848
_HSemV	0x80011866	_HostIn	0x800117B4	_HostOut	0x800117B8
_SemP	0x80011885	_SemV	0x800118AD	_boot_chan_in	0x800117A4
_boot_chan_out	0x800117A8	_ctype_	0x80011214	_fmt	0x80010D94
_freelist	0x800117C0	_heapend	0x800117C8	_heapstart	0x800117C4
_host_chan_in	0x800117AC	_host_chan_out	0x800117B0	_node_number	0x800117BC
_ns_exit	0x800113DE	_ns_main	0x80010668	_ns_printf	0x800113E2
a2d_freeze	0x8000154C	abort_img	0x8000B9DB	abs	0x8001040C
arr_d2a_read	0x8000D61F	arr_d2a_set	0x8000CE6E	arr_dconfig	0x8000D8B8
arr_power	0x8000CC7C	arr_set_fconfig	0x8000D8BC	array_d2a	0x8000C7C0
bad_msg	0x800103E0	bcopy	0x80010660	cfree	0x8001157C
chan_list	0x8000B6B0	chdesc	0x8000C7F8	check_hk	0x8000B71C
command	0x8000B5AC	control	0x8000FA3C	cp_state	0x80001548
data_order	0x8000C7F0	data_simul	0x80001550	dbus_lock	0x80001490
deactivate	0x80001544	debug	0x80002964	debug_buf	0x8000FB4C
debug_line	0x8000296C	debug_send	0x8000FBD7	deq	0x800102A3
echo_float	0x8000295C	echo_me	0x80002958	emptyq	0x800102BC
enq	0x8001028E	filter_number	0x8000AD6C	free	0x80011580
fullq	0x800102C4	hk_buf	0x80002154	hk_names	0x8000A96C
hk_norms	0x80001D54	hkbufix	0x80002954	hkcdesc	0x8000CBF8
hw_chan	0x8000FD30	iconSrcID	0x8000103E	idxlock	0x800014A8
init_inst	0x8000AF90	inst	0x8000B9EC	labs	0x8001040C
main	0x8000ADB8	malloc	0x8001168C	me_servo_cmd	0x8000EE90
mem_alloc	0x8000F88F	mem_blocks	0x8000B51C	mem_free	0x8000F98A
mem_init	0x8000F85E	mem_print	0x8000F7AC	mem_sem	0x8000F7A0
mem_size	0x8000B518	mem_use	0x8000B520	memmove	0x800117D8
memory	0x8000B5A0	mod_scb_reg	0x8000E9D8	my_unit	0x80001064
no_set	0x8000D901	num_arrays	0x8000153C	num_command	0x8000B5F8
out_chan	0x8000FD20	poweroff	0x8000B5A4	proc_def	0x8000C7F4
protection	0x80001540	q_alloc	0x8001027A	readDataSimul	0x8000E7CB
read_camera_pwr	0x8000E230	read_d2a_var	0x8000E30A	read_dbus	0x8000E902
read_hk	0x8000E769	read_onehk	0x8000B42E	read_servo_var	0x8000E42B
read_spad_mode	0x8000E5EF	read_spmode	0x8000ECF1	read_var	0x80010186
reader	0x8000FD84	readv_cmnds	0x8000B674	router	0x8000FD40
safe_devs	0x8000EDCE	scb_reg	0x8000B5A8	send_debug	0x8000FC24
servo_delay	0x8000EDDA	setDataSimul	0x8000E1EE	set_SCBreg_var	0x8000D93E
set_camera_pwr	0x8000D9BB	set_d2a_var	0x8000DABD	set_servo_var	0x8000DBBB
set_spad_mode	0x8000E161	set_var	0x8001008B	setd2a_12b	0x8000EB61
setv_cmnds	0x8000B638	sol_servo_cmd	0x8000F4D1	spad_mode	0x800014BC
sprintf	0x800111D9	srvo_control	0x8000AD70	start_picture	0x8000B9B9
status_report	0x80002960	stdbuf	0x80001084	strcat	0x800118D0
strchr	0x800118F8	strlen	0x80011914	strobe_a2d	0x8000E9BF
tolerance	0x8000CC78	tolower	0x80011326	toupper	0x80011315
trace_flag	0x80002968	ucode_cur	0x8000C3BF	ucode_def	0x8000BFBF
updpos	0x8000EDD4	var	0x8001030C	var_lock	0x8000149C
var_ptr	0x8000B5FC	vsprintf	0x800111F7	wheel_pos	0x8000AD98
write_a2daddr	0x8000E963	write_dbus	0x8000E80D	write_spad_mode	0x8000EC3E
writer	0x8000FF7C	

Load address:	0x80001000	Stack address:	0x80001000
Entry point [_ns_main]:	0x80010668

External symbols: 196	External symbol table usage: 9%
Total symbols:    1076	Total symbol table usage:    19%

No errors detected
