==============================================
  AvCase 8051-Family Linker, Version 4.06L  
==============================================

Date:         6/03/96 11:55:57
Image File:   prot.hex
Symbol File:  (none)

Options:      -DEFSYM(__MODEL,2)
              -DEFSYM(__OPTD,1)
              -DEFSYM(__Ldata,segbase(c_data))
              -DEFSYM(__Datalen,seglen(c_data))
              -DEFSYM(__Lromdata,loadaddr(c_data))
              -DEFSYM(__Lrdata,segbase(c_rdata))
              -DEFSYM(__Rdatalen,seglen(c_rdata))
              -DEFSYM(__Lromrdata,loadaddr(c_rdata))
              -DEFSYM(__Lbss,segbase(c_bss))
              -DEFSYM(__Hbss,segtop(c_bss))
              -DEFSYM(__Bsslen,seglen(c_bss))
              -DEFSYM(__Lrbss,segbase(c_rbss))
              -DEFSYM(__Rbsslen,seglen(c_rbss))
              -DEFSYM(__Lrbit,segbase(c_rbit))
              -DEFSYM(__Rbitlen,seglen(c_rbit))
              -DEFSYM(__Istack,memfree(ram))
              -DEFSYM(__Lidata,segbase(c_idata))
              -DEFSYM(__Idatalen,seglen(c_idata))
              -DEFSYM(__Hidata,segtop(c_idata))
              -DEFSYM(__Lirdata,segbase(c_irdata))
              -DEFSYM(__Irdatalen,seglen(c_irdata))
              -DEFSYM(__Lromirdata,loadaddr(c_irdata))
              -DEFSYM(__Lrdata,segbase(c_rdata))
              -DEFSYM(__Rdatalen,seglen(c_rdata))
              -DEFSYM(__Lromrdata,loadaddr(c_rdata))
              -DEFSYM(__Lstrings,segbase(c_strings))
              -DEFSYM(__Stringslen,seglen(c_strings))
              -DEFSYM(__Lromstrings,loadaddr(c_strings))
              -NOTBELOW(c_data,100H)
              -NOTBELOW(c_strings,100H)
              -NOTBELOW(c_const,100H)
              -NOTBELOW(c_code,100H)
              -NOTBELOW(c_rbss,10H)
              -NOTBELOW(c_cstack,10H)
              -SWITCHCLASS(c_idata,idata)
              -SWITCHCLASS(c_irdata,idata)
              -NOTBELOW(c_bss,100H)
              -SWITCHCLASS(c_strings,xdata)
              -SWITCHCLASS(c_const,xdata)
              -ORDER(c_rbit,c_cstack,c_rbss,c_rdata,c_irdata,c_idata,istack)
              -ORDER(c_vectors,c_text,c_code)
              -LOADSEG(c_irdata,code)
              -LOADSEG(c_data,code)
              -LOADSEG(c_rdata,code)
              -LOADSEG(c_strings,code)
              -SHOWMODS
              -SHOWPUBLICS
              -SORTBYNAME
              -QUIET
              -ROM(00-4fff)
              -XRAM(5000-6fff)
              -DEFSYM(__Lstack,06fffh)
              -NOLIB
              -RAM(30-5f)
              -RAM(00-27)

Startup Addr: 0000H




=================
  INPUT FILES  
=================

            Input File Name              L    Date & Time         Version
---------------------------------------- - -----------------  ---------------
H:\PCS\AVCASE51\lib\crt51l.obj              7/25/94 15:03:09                 
prot.obj                                    6/03/96 11:55:57                 
    **Modname:   PROT.C
51libcl                                  *                                   
    **Full Name: H:\PCS\AVCASE51\lib\51libcl.lib




================
  MEMORY MAP  
================

 Space    Start     End    Length        Segment          Module
-------  -------  -------  ------    ---------------  ---------------
RAM        00H      27H       28H    -unallocated                    
RAM        28H      2FH        8H    -no memory                      
RAM        30H      5FH       30H    -unallocated                    
RAM        60H      FFH       A0H    -no memory                      

ROM      0000H    0002H        3H    C_VECTORS        CRT51L         
ROM      0000H    0000H        1H   *C_VECTORS        PROT.C         
ROM      0003H    00CDH       CBH    C_TEXT           CRT51L         
ROM      00CEH    0410H      343H    C_TEXT           PROT.C         
ROM      0411H    04CBH       BBH    C_TEXT           SPRINTF.C      
ROM      04CCH    1801H     1336H    C_TEXT           DOPRNT.C       
ROM      1802H    186CH       6BH    C_TEXT           SSCANF.C       
ROM      186DH    202EH      7C2H    C_TEXT           DOSCAN.C       
ROM      202FH    217DH      14FH    C_TEXT           CGETS.C        
ROM      217EH    2221H       A4H    C_TEXT           SIO.C          
ROM      2222H    231FH       FEH    C_TEXT           ATOI.C         
ROM      2320H    23DAH       BBH    C_TEXT           DIV            
ROM      23DBH    23E0H        6H    C_TEXT           INDIR          
ROM      23E1H    2420H       40H    C_TEXT           STRCAT.C       
ROM      2421H    2434H       14H    C_TEXT           TOLOWER.C      
ROM      2435H    247CH       48H    C_TEXT           STX_WORD       
ROM      247DH    249AH       1EH    C_TEXT           STX_LONG       
ROM      249BH    24A8H        EH    C_TEXT           LUMINUS        
ROM      24A9H    2510H       68H    C_TEXT           PSH_WORD       
ROM      2511H    2558H       48H    C_TEXT           LDX_LONG       
ROM      2559H    256DH       15H    C_TEXT           LDX_DPTR       
ROM      256EH    25E5H       78H    C_TEXT           LDX_WORD       
ROM      25E6H    264FH       6AH    C_TEXT           LDX_BYTE       
ROM      2650H    26BAH       6BH    C_TEXT           STX_BYTE       
ROM      26BBH    2718H       5EH    C_TEXT           CSV            
ROM      2719H    2758H       40H    C_TEXT           LOADWORD       
ROM      2759H    2776H       1EH    C_TEXT           MUL            
ROM      2777H    27FBH       85H    C_TEXT           LMUL           
ROM      27FCH    2808H        DH    C_TEXT           DECDPTR        
ROM      2809H    2927H      11FH    ?L?C_DATA                       
ROM      2928H    2988H       61H    ?L?C_STRINGS                    
ROM      2989H    4FFFH     2677H    -unallocated                    
ROM      5000H    FFFFH     B000H    -no memory                      

XRAM     0000H    4FFFH     5000H    -no memory                      
XRAM     5000H    501DH       1EH    C_DATA           DOPRNT.C       
XRAM     501EH    511EH      101H    C_DATA           CTYPE_.C       
XRAM     511FH    512FH       11H    C_STRINGS        PROT.C         
XRAM     5130H    517DH       4EH    C_STRINGS        DOPRNT.C       
XRAM     517EH    517FH        2H    C_STRINGS        DOSCAN.C       
XRAM     5180H    518AH        BH    C_BSS            PROT.C         
XRAM     518BH    518EH        4H    C_BSS            DOSCAN.C       
XRAM     518FH    5190H        2H    C_BSS            SIO.C          
XRAM     5191H    5290H      100H    C_BSS            SCANFBUF.C     
XRAM     5291H    6FFFH     1D6FH    -unallocated                    
XRAM     7000H    FFFFH     9000H    -no memory                      



===================================
  ALPHABETICAL LIST OF SEGMENTS  
===================================

    Segment      Class   Start  End   Length  Align  Other Attributes
--------------- -------- -----  ----  ------  -----  --------------------
?L?C_DATA       CODE      2809  2927   011f   BYTE   
?L?C_IRDATA     CODE      0000  0000   0000   BYTE   
?L?C_RDATA      CODE      0000  0000   0000   BYTE   
?L?C_STRINGS    CODE      2928  2988   0061   BYTE   
CODE            CODE      0000  0000   0000   BYTE   
C_BSS           XDATA     5180  5290   0111   BYTE   
C_CODE          CODE      2809  2809   0000   BYTE   
C_CONST         XDATA     0100  0100   0000   BYTE   
C_CSTACK                  0000  0000   0000   BYTE   ABSOLUTE
C_DATA          XDATA     5000  511e   011f   BYTE   
C_IDATA         IDATA     0010  0010   0000   BYTE   
C_IRDATA        IDATA     0010  0010   0000   BYTE   
C_RBIT          BIT       0000  0000   0000   BIT    
C_RBSS          DATA      0010  0010   0000   BYTE   
C_RDATA         DATA      0010  0010   0000   BYTE   
C_STRINGS       XDATA     511f  517f   0061   BYTE   
C_TEXT          CODE      0003  2808   2806   BYTE   
C_VECTORS       CODE      0000  0002   0003   BYTE   ABSOLUTE,OVERLAID
ISTACK                    0000  0000   0000   BYTE   ABSOLUTE
XSTACK          XDATA     0000  0000   0000   BYTE   





==================================
  SYMBOLS BY CLASS AND ADDRESS  
==================================

 Class             Symbol Name            Value      Module       Segment
------- -------------------------------- ------- --------------- ----------
CODE    start                            0000H   CRT51L          C_VECTORS 
CODE    __Lromirdata                     0000H   linker cmd                
CODE    __Lromrdata                      0000H   linker cmd                
CODE    clrbits                          0028H   CRT51L          C_TEXT    
CODE    rbitloop                         002FH   CRT51L          C_TEXT    
CODE    clrbss                           0034H   CRT51L          C_TEXT    
CODE    loop1                            003BH   CRT51L          C_TEXT    
CODE    skip1                            0040H   CRT51L          C_TEXT    
CODE    loop2                            0047H   CRT51L          C_TEXT    
CODE    skip2                            004CH   CRT51L          C_TEXT    
CODE    rdlop                            0056H   CRT51L          C_TEXT    
CODE    skip3                            005DH   CRT51L          C_TEXT    
CODE    rdlop2                           0067H   CRT51L          C_TEXT    
CODE    skip3a                           006EH   CRT51L          C_TEXT    
CODE    loop                             0075H   CRT51L          C_TEXT    
CODE    skipit                           0083H   CRT51L          C_TEXT    
CODE    ddone                            009FH   CRT51L          C_TEXT    
CODE    _exit                            00AAH   CRT51L          C_TEXT    
CODE    copyxdata                        00ADH   CRT51L          C_TEXT    
CODE    copyend                          00CDH   CRT51L          C_TEXT    
CODE    _decod                           00CEH   PROT.C          C_TEXT    
CODE    _rstprot                         01A3H   PROT.C          C_TEXT    
CODE    _rstbuf                          01B0H   PROT.C          C_TEXT    
CODE    _myprintf                        0209H   PROT.C          C_TEXT    
CODE    _myrp                            028EH   PROT.C          C_TEXT    
CODE    _rperr                           0390H   PROT.C          C_TEXT    
CODE    _sio                             03D0H   PROT.C          C_TEXT    
CODE    _sprintf                         0411H   SPRINTF.C       C_TEXT    
CODE    __doprnt                         04CCH   DOPRNT.C        C_TEXT    
CODE    _sscanf                          1802H   SSCANF.C        C_TEXT    
CODE    __doscan                         1A25H   DOSCAN.C        C_TEXT    
CODE    _cgets                           202FH   CGETS.C         C_TEXT    
CODE    _init_uart                       217EH   SIO.C           C_TEXT    
CODE    _putch                           2193H   SIO.C           C_TEXT    
CODE    _getch                           21C8H   SIO.C           C_TEXT    
CODE    _getche                          2207H   SIO.C           C_TEXT    
CODE    _atoi                            2222H   ATOI.C          C_TEXT    
CODE    lwdiv                            2375H   DIV             C_TEXT    
CODE    lwmod                            2381H   DIV             C_TEXT    
CODE    awmod                            23A8H   DIV             C_TEXT    
CODE    awdiv                            23BCH   DIV             C_TEXT    
CODE    indir                            23DBH   INDIR           C_TEXT    
CODE    _strcat                          23E1H   STRCAT.C        C_TEXT    
CODE    _tolower                         2421H   TOLOWER.C       C_TEXT    
CODE    stx_WR0                          2435H   STX_WORD        C_TEXT    
CODE    stx_WR1                          2447H   STX_WORD        C_TEXT    
CODE    stx_WR2                          2459H   STX_WORD        C_TEXT    
CODE    stx_WR3                          246BH   STX_WORD        C_TEXT    
CODE    stx_long                         247DH   STX_LONG        C_TEXT    
CODE    uminus_long                      249BH   LUMINUS         C_TEXT    
CODE    psh_WR0                          24A9H   PSH_WORD        C_TEXT    
CODE    psh_WR1                          24C3H   PSH_WORD        C_TEXT    
CODE    psh_WR2                          24DDH   PSH_WORD        C_TEXT    
CODE    psh_WR3                          24F7H   PSH_WORD        C_TEXT    
CODE    ldx_long                         2511H   LDX_LONG        C_TEXT    
CODE    ldx_ltemp                        2537H   LDX_LONG        C_TEXT    
CODE    ldx_dptr                         2559H   LDX_DPTR        C_TEXT    
CODE    ldx_WR0                          256EH   LDX_WORD        C_TEXT    
CODE    ldx_WR1                          258CH   LDX_WORD        C_TEXT    
CODE    ldx_WR2                          25AAH   LDX_WORD        C_TEXT    
CODE    ldx_WR3                          25C8H   LDX_WORD        C_TEXT    
CODE    ldx_byte                         25E6H   LDX_BYTE        C_TEXT    
CODE    ldx_r0                           25F0H   LDX_BYTE        C_TEXT    
CODE    ldx_r1                           25FCH   LDX_BYTE        C_TEXT    
CODE    ldx_r2                           2608H   LDX_BYTE        C_TEXT    
CODE    ldx_r3                           2614H   LDX_BYTE        C_TEXT    
CODE    ldx_r4                           2620H   LDX_BYTE        C_TEXT    
CODE    ldx_r5                           262CH   LDX_BYTE        C_TEXT    
CODE    ldx_r6                           2638H   LDX_BYTE        C_TEXT    
CODE    ldx_r7                           2644H   LDX_BYTE        C_TEXT    
CODE    stx_r0                           2650H   STX_BYTE        C_TEXT    
CODE    stx_r1                           265CH   STX_BYTE        C_TEXT    
CODE    stx_r2                           2668H   STX_BYTE        C_TEXT    
CODE    stx_r3                           2674H   STX_BYTE        C_TEXT    
CODE    stx_r4                           2680H   STX_BYTE        C_TEXT    
CODE    stx_r5                           268CH   STX_BYTE        C_TEXT    
CODE    stx_r6                           2698H   STX_BYTE        C_TEXT    
CODE    stx_r7                           26A4H   STX_BYTE        C_TEXT    
CODE    stx_byte                         26B0H   STX_BYTE        C_TEXT    
CODE    scsv                             26BBH   CSV             C_TEXT    
CODE    lcsv                             26D2H   CSV             C_TEXT    
CODE    savera                           26E1H   CSV             C_TEXT    
CODE    restra                           26F9H   CSV             C_TEXT    
CODE    sp_dp                            270EH   CSV             C_TEXT    
CODE    load_WR0                         2719H   LOADWORD        C_TEXT    
CODE    load_WR1                         2729H   LOADWORD        C_TEXT    
CODE    load_WR2                         2739H   LOADWORD        C_TEXT    
CODE    load_WR3                         2749H   LOADWORD        C_TEXT    
CODE    lwmul                            2759H   MUL             C_TEXT    
CODE    awmul                            2759H   MUL             C_TEXT    
CODE    almul                            2777H   LMUL            C_TEXT    
CODE    llmul                            2777H   LMUL            C_TEXT    
CODE    dec_dptr                         27FCH   DECDPTR         C_TEXT    
CODE    __Lromdata                       2809H   linker cmd                
CODE    __Lromstrings                    2928H   linker cmd                

BIT     __Lrbit                            20H.0 linker cmd                
BIT     __Rbitlen                          20H.0 linker cmd                

DATA    __Rdatalen                       0000H   linker cmd                
DATA    __Rbsslen                        0000H   linker cmd                
DATA    __Lrbss                          0010H   linker cmd                
DATA    __Lrdata                         0010H   linker cmd                

IDATA   __Irdatalen                      0000H   linker cmd                
IDATA   __Idatalen                       0000H   linker cmd                
IDATA   __Lirdata                        0010H   linker cmd                
IDATA   __Lidata                         0010H   linker cmd                
IDATA   __Hidata                         0010H   linker cmd                

XDATA   __Stringslen                     0061H   linker cmd                
XDATA   __Bsslen                         0111H   linker cmd                
XDATA   __Datalen                        011FH   linker cmd                
XDATA   __Ldata                          5000H   linker cmd                
XDATA   __ctype_                         501EH   CTYPE_.C        C_DATA    
XDATA   __Lstrings                       511FH   linker cmd                
XDATA   _bbuf                            5180H   PROT.C          C_BSS     
XDATA   __Lbss                           5180H   linker cmd                
XDATA   _errno                           5182H   PROT.C          C_BSS     
XDATA   _xxcmd                           5184H   PROT.C          C_BSS     
XDATA   _xxd1                            5185H   PROT.C          C_BSS     
XDATA   _xxd2                            5187H   PROT.C          C_BSS     
XDATA   _xxd3                            5189H   PROT.C          C_BSS     
XDATA   _uc                              518FH   SIO.C           C_BSS     
XDATA   _ustatus                         5190H   SIO.C           C_BSS     
XDATA   __scanf_buf_                     5191H   SCANFBUF.C      C_BSS     
XDATA   __Hbss                           5290H   linker cmd                

NUMBER  __OPTD                           0001H   linker cmd                
NUMBER  stack_external                   0001H   CRT51L                    
NUMBER  __MODEL                          0002H   linker cmd                
NUMBER  __Istack                         0030H   linker cmd                
NUMBER  __Lstack                         6FFFH   linker cmd                



=====================
  SYMBOLS BY NAME  
=====================

 Class             Symbol Name            Value      Module       Segment
------- -------------------------------- ------- --------------- ----------
XDATA   __Bsslen                         0111H   linker cmd                
XDATA   __Datalen                        011FH   linker cmd                
XDATA   __Hbss                           5290H   linker cmd                
IDATA   __Hidata                         0010H   linker cmd                
IDATA   __Idatalen                       0000H   linker cmd                
IDATA   __Irdatalen                      0000H   linker cmd                
NUMBER  __Istack                         0030H   linker cmd                
XDATA   __Lbss                           5180H   linker cmd                
XDATA   __Ldata                          5000H   linker cmd                
IDATA   __Lidata                         0010H   linker cmd                
IDATA   __Lirdata                        0010H   linker cmd                
BIT     __Lrbit                            20H.0 linker cmd                
DATA    __Lrbss                          0010H   linker cmd                
DATA    __Lrdata                         0010H   linker cmd                
CODE    __Lromdata                       2809H   linker cmd                
CODE    __Lromirdata                     0000H   linker cmd                
CODE    __Lromrdata                      0000H   linker cmd                
CODE    __Lromstrings                    2928H   linker cmd                
NUMBER  __Lstack                         6FFFH   linker cmd                
XDATA   __Lstrings                       511FH   linker cmd                
NUMBER  __MODEL                          0002H   linker cmd                
NUMBER  __OPTD                           0001H   linker cmd                
BIT     __Rbitlen                          20H.0 linker cmd                
DATA    __Rbsslen                        0000H   linker cmd                
DATA    __Rdatalen                       0000H   linker cmd                
XDATA   __Stringslen                     0061H   linker cmd                
XDATA   __ctype_                         501EH   CTYPE_.C        C_DATA    
CODE    __doprnt                         04CCH   DOPRNT.C        C_TEXT    
CODE    __doscan                         1A25H   DOSCAN.C        C_TEXT    
XDATA   __scanf_buf_                     5191H   SCANFBUF.C      C_BSS     
CODE    _atoi                            2222H   ATOI.C          C_TEXT    
XDATA   _bbuf                            5180H   PROT.C          C_BSS     
CODE    _cgets                           202FH   CGETS.C         C_TEXT    
CODE    _decod                           00CEH   PROT.C          C_TEXT    
XDATA   _errno                           5182H   PROT.C          C_BSS     
CODE    _exit                            00AAH   CRT51L          C_TEXT    
CODE    _getch                           21C8H   SIO.C           C_TEXT    
CODE    _getche                          2207H   SIO.C           C_TEXT    
CODE    _init_uart                       217EH   SIO.C           C_TEXT    
        _main                            *UNDEF* CRT51L                    
CODE    _myprintf                        0209H   PROT.C          C_TEXT    
CODE    _myrp                            028EH   PROT.C          C_TEXT    
CODE    _putch                           2193H   SIO.C           C_TEXT    
CODE    _rperr                           0390H   PROT.C          C_TEXT    
CODE    _rstbuf                          01B0H   PROT.C          C_TEXT    
CODE    _rstprot                         01A3H   PROT.C          C_TEXT    
CODE    _sio                             03D0H   PROT.C          C_TEXT    
CODE    _sprintf                         0411H   SPRINTF.C       C_TEXT    
CODE    _sscanf                          1802H   SSCANF.C        C_TEXT    
CODE    _strcat                          23E1H   STRCAT.C        C_TEXT    
CODE    _tolower                         2421H   TOLOWER.C       C_TEXT    
XDATA   _uc                              518FH   SIO.C           C_BSS     
XDATA   _ustatus                         5190H   SIO.C           C_BSS     
XDATA   _xxcmd                           5184H   PROT.C          C_BSS     
XDATA   _xxd1                            5185H   PROT.C          C_BSS     
XDATA   _xxd2                            5187H   PROT.C          C_BSS     
XDATA   _xxd3                            5189H   PROT.C          C_BSS     
CODE    almul                            2777H   LMUL            C_TEXT    
CODE    awdiv                            23BCH   DIV             C_TEXT    
CODE    awmod                            23A8H   DIV             C_TEXT    
CODE    awmul                            2759H   MUL             C_TEXT    
CODE    clrbits                          0028H   CRT51L          C_TEXT    
CODE    clrbss                           0034H   CRT51L          C_TEXT    
CODE    copyend                          00CDH   CRT51L          C_TEXT    
CODE    copyxdata                        00ADH   CRT51L          C_TEXT    
CODE    ddone                            009FH   CRT51L          C_TEXT    
CODE    dec_dptr                         27FCH   DECDPTR         C_TEXT    
CODE    indir                            23DBH   INDIR           C_TEXT    
CODE    lcsv                             26D2H   CSV             C_TEXT    
CODE    ldx_WR0                          256EH   LDX_WORD        C_TEXT    
CODE    ldx_WR1                          258CH   LDX_WORD        C_TEXT    
CODE    ldx_WR2                          25AAH   LDX_WORD        C_TEXT    
CODE    ldx_WR3                          25C8H   LDX_WORD        C_TEXT    
CODE    ldx_byte                         25E6H   LDX_BYTE        C_TEXT    
CODE    ldx_dptr                         2559H   LDX_DPTR        C_TEXT    
CODE    ldx_long                         2511H   LDX_LONG        C_TEXT    
CODE    ldx_ltemp                        2537H   LDX_LONG        C_TEXT    
CODE    ldx_r0                           25F0H   LDX_BYTE        C_TEXT    
CODE    ldx_r1                           25FCH   LDX_BYTE        C_TEXT    
CODE    ldx_r2                           2608H   LDX_BYTE        C_TEXT    
CODE    ldx_r3                           2614H   LDX_BYTE        C_TEXT    
CODE    ldx_r4                           2620H   LDX_BYTE        C_TEXT    
CODE    ldx_r5                           262CH   LDX_BYTE        C_TEXT    
CODE    ldx_r6                           2638H   LDX_BYTE        C_TEXT    
CODE    ldx_r7                           2644H   LDX_BYTE        C_TEXT    
CODE    llmul                            2777H   LMUL            C_TEXT    
CODE    load_WR0                         2719H   LOADWORD        C_TEXT    
CODE    load_WR1                         2729H   LOADWORD        C_TEXT    
CODE    load_WR2                         2739H   LOADWORD        C_TEXT    
CODE    load_WR3                         2749H   LOADWORD        C_TEXT    
CODE    loop                             0075H   CRT51L          C_TEXT    
CODE    loop1                            003BH   CRT51L          C_TEXT    
CODE    loop2                            0047H   CRT51L          C_TEXT    
CODE    lwdiv                            2375H   DIV             C_TEXT    
CODE    lwmod                            2381H   DIV             C_TEXT    
CODE    lwmul                            2759H   MUL             C_TEXT    
CODE    psh_WR0                          24A9H   PSH_WORD        C_TEXT    
CODE    psh_WR1                          24C3H   PSH_WORD        C_TEXT    
CODE    psh_WR2                          24DDH   PSH_WORD        C_TEXT    
CODE    psh_WR3                          24F7H   PSH_WORD        C_TEXT    
CODE    rbitloop                         002FH   CRT51L          C_TEXT    
CODE    rdlop                            0056H   CRT51L          C_TEXT    
CODE    rdlop2                           0067H   CRT51L          C_TEXT    
CODE    restra                           26F9H   CSV             C_TEXT    
CODE    savera                           26E1H   CSV             C_TEXT    
CODE    scsv                             26BBH   CSV             C_TEXT    
CODE    skip1                            0040H   CRT51L          C_TEXT    
CODE    skip2                            004CH   CRT51L          C_TEXT    
CODE    skip3                            005DH   CRT51L          C_TEXT    
CODE    skip3a                           006EH   CRT51L          C_TEXT    
CODE    skipit                           0083H   CRT51L          C_TEXT    
CODE    sp_dp                            270EH   CSV             C_TEXT    
NUMBER  stack_external                   0001H   CRT51L                    
CODE    start                            0000H   CRT51L          C_VECTORS 
CODE    stx_WR0                          2435H   STX_WORD        C_TEXT    
CODE    stx_WR1                          2447H   STX_WORD        C_TEXT    
CODE    stx_WR2                          2459H   STX_WORD        C_TEXT    
CODE    stx_WR3                          246BH   STX_WORD        C_TEXT    
CODE    stx_byte                         26B0H   STX_BYTE        C_TEXT    
CODE    stx_long                         247DH   STX_LONG        C_TEXT    
CODE    stx_r0                           2650H   STX_BYTE        C_TEXT    
CODE    stx_r1                           265CH   STX_BYTE        C_TEXT    
CODE    stx_r2                           2668H   STX_BYTE        C_TEXT    
CODE    stx_r3                           2674H   STX_BYTE        C_TEXT    
CODE    stx_r4                           2680H   STX_BYTE        C_TEXT    
CODE    stx_r5                           268CH   STX_BYTE        C_TEXT    
CODE    stx_r6                           2698H   STX_BYTE        C_TEXT    
CODE    stx_r7                           26A4H   STX_BYTE        C_TEXT    
CODE    uminus_long                      249BH   LUMINUS         C_TEXT    


=====================================
  MODULES, ALPHABETICALLY BY NAME  
=====================================

Module ATOI.C:
	File:    H:\PCS\AVCASE51\lib\51libcl.lib
	Date:    11/04/94 17:32:37

	    Segment      Space   Start   End   Length
	--------------- -------  -----  -----  ------
	C_TEXT          ROM      2222H  231FH  00FEH


Module CGETS.C:
	File:    H:\PCS\AVCASE51\lib\51libcl.lib
	Date:    11/04/94 17:31:48

	    Segment      Space   Start   End   Length
	--------------- -------  -----  -----  ------
	C_TEXT          ROM      202FH  217DH  014FH


Module CRT51L:
	File:    H:\PCS\AVCASE51\lib\crt51l.obj
	Date:    7/25/94 15:03:09

	    Segment      Space   Start   End   Length
	--------------- -------  -----  -----  ------
	C_TEXT          ROM      0003H  00CDH  00CBH
	C_VECTORS       ROM      0000H  0002H  0003H


Module CSV:
	File:    H:\PCS\AVCASE51\lib\51libcl.lib
	Date:    11/04/94 17:33:49

	    Segment      Space   Start   End   Length
	--------------- -------  -----  -----  ------
	C_TEXT          ROM      26BBH  2718H  005EH


Module CTYPE_.C:
	File:    H:\PCS\AVCASE51\lib\51libcl.lib
	Date:    11/04/94 17:33:40

	    Segment      Space   Start   End   Length
	--------------- -------  -----  -----  ------
	C_DATA          XRAM     501EH  511EH  0101H


Module DECDPTR:
	File:    H:\PCS\AVCASE51\lib\51libcl.lib
	Date:    11/04/94 17:33:52

	    Segment      Space   Start   End   Length
	--------------- -------  -----  -----  ------
	C_TEXT          ROM      27FCH  2808H  000DH


Module DIV:
	File:    H:\PCS\AVCASE51\lib\51libcl.lib
	Date:    11/04/94 17:33:57

	    Segment      Space   Start   End   Length
	--------------- -------  -----  -----  ------
	C_TEXT          ROM      2320H  23DAH  00BBH


Module DOPRNT.C:
	File:    H:\PCS\AVCASE51\lib\51libcl.lib
	Date:    11/04/94 17:34:33

	    Segment      Space   Start   End   Length
	--------------- -------  -----  -----  ------
	C_DATA          XRAM     5000H  501DH  001EH
	C_TEXT          ROM      04CCH  1801H  1336H
	C_STRINGS       XRAM     5130H  517DH  004EH


Module DOSCAN.C:
	File:    H:\PCS\AVCASE51\lib\51libcl.lib
	Date:    11/04/94 17:31:47

	    Segment      Space   Start   End   Length
	--------------- -------  -----  -----  ------
	C_TEXT          ROM      186DH  202EH  07C2H
	C_STRINGS       XRAM     517EH  517FH  0002H
	C_BSS           XRAM     518BH  518EH  0004H


Module INDIR:
	File:    H:\PCS\AVCASE51\lib\51libcl.lib
	Date:    11/04/94 17:33:07

	    Segment      Space   Start   End   Length
	--------------- -------  -----  -----  ------
	C_TEXT          ROM      23DBH  23E0H  0006H


Module LDX_BYTE:
	File:    H:\PCS\AVCASE51\lib\51libcl.lib
	Date:    11/04/94 17:33:46

	    Segment      Space   Start   End   Length
	--------------- -------  -----  -----  ------
	C_TEXT          ROM      25E6H  264FH  006AH


Module LDX_DPTR:
	File:    H:\PCS\AVCASE51\lib\51libcl.lib
	Date:    11/04/94 17:33:45

	    Segment      Space   Start   End   Length
	--------------- -------  -----  -----  ------
	C_TEXT          ROM      2559H  256DH  0015H


Module LDX_LONG:
	File:    H:\PCS\AVCASE51\lib\51libcl.lib
	Date:    11/04/94 17:33:45

	    Segment      Space   Start   End   Length
	--------------- -------  -----  -----  ------
	C_TEXT          ROM      2511H  2558H  0048H


Module LDX_WORD:
	File:    H:\PCS\AVCASE51\lib\51libcl.lib
	Date:    11/04/94 17:33:45

	    Segment      Space   Start   End   Length
	--------------- -------  -----  -----  ------
	C_TEXT          ROM      256EH  25E5H  0078H


Module LMUL:
	File:    H:\PCS\AVCASE51\lib\51libcl.lib
	Date:    11/04/94 17:33:56

	    Segment      Space   Start   End   Length
	--------------- -------  -----  -----  ------
	C_TEXT          ROM      2777H  27FBH  0085H


Module LOADWORD:
	File:    H:\PCS\AVCASE51\lib\51libcl.lib
	Date:    11/04/94 17:33:52

	    Segment      Space   Start   End   Length
	--------------- -------  -----  -----  ------
	C_TEXT          ROM      2719H  2758H  0040H


Module LUMINUS:
	File:    H:\PCS\AVCASE51\lib\51libcl.lib
	Date:    11/04/94 17:33:42

	    Segment      Space   Start   End   Length
	--------------- -------  -----  -----  ------
	C_TEXT          ROM      249BH  24A8H  000EH


Module MUL:
	File:    H:\PCS\AVCASE51\lib\51libcl.lib
	Date:    11/04/94 17:33:56

	    Segment      Space   Start   End   Length
	--------------- -------  -----  -----  ------
	C_TEXT          ROM      2759H  2776H  001EH


Module PROT.C:
	File:    prot.obj
	Date:    6/03/96 11:55:57

	    Segment      Space   Start   End   Length
	--------------- -------  -----  -----  ------
	C_TEXT          ROM      00CEH  0410H  0343H
	C_STRINGS       XRAM     511FH  512FH  0011H
	C_BSS           XRAM     5180H  518AH  000BH


Module PSH_WORD:
	File:    H:\PCS\AVCASE51\lib\51libcl.lib
	Date:    11/04/94 17:33:43

	    Segment      Space   Start   End   Length
	--------------- -------  -----  -----  ------
	C_TEXT          ROM      24A9H  2510H  0068H


Module SCANFBUF.C:
	File:    H:\PCS\AVCASE51\lib\51libcl.lib
	Date:    11/04/94 17:33:55

	    Segment      Space   Start   End   Length
	--------------- -------  -----  -----  ------
	C_BSS           XRAM     5191H  5290H  0100H


Module SIO.C:
	File:    H:\PCS\AVCASE51\lib\51libcl.lib
	Date:    11/04/94 17:31:52

	    Segment      Space   Start   End   Length
	--------------- -------  -----  -----  ------
	C_TEXT          ROM      217EH  2221H  00A4H
	C_BSS           XRAM     518FH  5190H  0002H


Module SPRINTF.C:
	File:    H:\PCS\AVCASE51\lib\51libcl.lib
	Date:    11/04/94 17:31:32

	    Segment      Space   Start   End   Length
	--------------- -------  -----  -----  ------
	C_TEXT          ROM      0411H  04CBH  00BBH


Module SSCANF.C:
	File:    H:\PCS\AVCASE51\lib\51libcl.lib
	Date:    11/04/94 17:31:36

	    Segment      Space   Start   End   Length
	--------------- -------  -----  -----  ------
	C_TEXT          ROM      1802H  186CH  006BH


Module STRCAT.C:
	File:    H:\PCS\AVCASE51\lib\51libcl.lib
	Date:    11/04/94 17:33:12

	    Segment      Space   Start   End   Length
	--------------- -------  -----  -----  ------
	C_TEXT          ROM      23E1H  2420H  0040H


Module STX_BYTE:
	File:    H:\PCS\AVCASE51\lib\51libcl.lib
	Date:    11/04/94 17:33:46

	    Segment      Space   Start   End   Length
	--------------- -------  -----  -----  ------
	C_TEXT          ROM      2650H  26BAH  006BH


Module STX_LONG:
	File:    H:\PCS\AVCASE51\lib\51libcl.lib
	Date:    11/04/94 17:33:42

	    Segment      Space   Start   End   Length
	--------------- -------  -----  -----  ------
	C_TEXT          ROM      247DH  249AH  001EH


Module STX_WORD:
	File:    H:\PCS\AVCASE51\lib\51libcl.lib
	Date:    11/04/94 17:33:41

	    Segment      Space   Start   End   Length
	--------------- -------  -----  -----  ------
	C_TEXT          ROM      2435H  247CH  0048H


Module TOLOWER.C:
	File:    H:\PCS\AVCASE51\lib\51libcl.lib
	Date:    11/04/94 17:33:39

	    Segment      Space   Start   End   Length
	--------------- -------  -----  -----  ------
	C_TEXT          ROM      2421H  2434H  0014H





==========================
  UNALLOCATED SEGMENTS  
==========================

    Segment       Class     Space     Reason Not Allocated
---------------  --------  --------  ------------------------
C_CONST          XDATA     XRAM      Zero Length
C_CSTACK                             Undefined
ISTACK                               Undefined
CODE             CODE      ROM       Zero Length
XSTACK           XDATA     XRAM      Zero Length
?L?C_RDATA       CODE      ROM       Zero Length
?L?C_IRDATA      CODE      ROM       Zero Length



==========================
  UNRESOLVED EXTERNALS  
==========================

	_main (In module "CRT51L")
