TLNK Linker, Version 91.1, Copyright (c) 1986-1991 by Logical Systems

Reading input file: commands.trl
*set_int	*read_int	chan_list	mem_size	*trace_flag	*startMsg
setv_cmnds	readv_cmnds	memory	var_ptr	command	num_command
*kill_proc	*myExecuteProc	*prog	mem_blocks	*DEBUG_CHAN	*var
*set_var	*read_var	mem_use	

Reading input file: main.trl
*chan_list	trace_flag	*ChanAlloc	*ProcAlloc	*mem_init	seqSrcID
main	*addfree	Writer_to_Control	*control	*ProcRun	Preader
Pwriter	Reader_to_Writer	Control_to_Reader	*reader	*writer	*_heapend

Reading input file: vars.trl
set_int	read_int	*mem_alloc	startMsg	*sprintf	*var_ptr
*_node_number	myExecuteProc	*execute_proc	*send_debug	*Control_to_Reader	

Reading input file: ../common/mem.trl
mem_print	*mem_size	mem_alloc	mem_init	*sprintf	*memory
mem_free	*_node_number	*strcat	*send_debug	mem_sem	*mem_blocks
*_HSemP	*_HSemV	*mem_use	

Reading input file: ../common/control.trl
*trace_flag	*num_command	*command	*mem_free	control	*Writer_to_Control
*send_debug	*var	

Reading input file: ../common/debug.trl
*ProcAltList	*strlen	*q_alloc	*ChanAlloc	*ProcAlloc	*mem_alloc
*vsprintf	*_node_number	debug_buf	send_debug	*ProcRun	*deq
*emptyq	*_HSemP	*_HSemV	debug_send	*enq	DEBUG_CHAN

Reading input file: ../common/talk.trl
*chan_list	*fullq	*q_alloc	*malloc	*mem_alloc	*ProcSkipAlt
*mem_free	*_node_number	*Writer_to_Control	*deq	router	reader
*Reader_to_Writer	writer	*emptyq	*enq	out_chan	hw_chan

Reading input file: ../common/var_sr.trl
*strlen	*mem_alloc	*var_ptr	*_node_number	*send_debug	*Control_to_Reader
set_var	read_var	

Reading input file: ../common/queue.trl
fullq	q_alloc	*malloc	deq	emptyq	enq

Reading input file: ../common/var.trl
*trace_flag	*readv_cmnds	*setv_cmnds	*mem_free	*send_debug	var

Reading input file: ../common/message.trl
bad_msg	*send_debug	

Reading input file: ../common/proc.trl
running	*ProcAlloc	PROC	*ProcFree	kill_proc	execute_proc
prog	*send_debug	*ProcRunHigh	

Reading file 'addfree.trl' from library: /dlirim0/gn.4/tptools/lib/t8lib.tll
addfree	*free	

Reading file 'alt.trl' from library: /dlirim0/gn.4/tptools/lib/t8lib.tll
ProcAltList	ProcSkipAltList	ProcTimerAltList	ProcAlt	ProcSkipAlt	ProcTimerAlt

Reading file 'conc.trl' from library: /dlirim0/gn.4/tptools/lib/t8lib.tll
ProcParList	*ProcToLow	ProcRunLow	ProcInit	*PJoin	ProcPar
ProcPriPar	ProcParam	ProcRun	*PStop	ProcRunHigh	

Reading file 'proc.trl' from library: /dlirim0/gn.4/tptools/lib/t8lib.tll
PJoin	*bcopy	PHalt	PRun	PStop	PSetup

Reading file 'bcopy.trl' from library: /dlirim0/gn.4/tptools/lib/t8lib.tll
bcopy	

Reading file 'nsstart.trl' from library: /dlirim0/gn.4/tptools/lib/t8lib.tll
*ChanIn	*_boot_chan_in	*_host_chan_in	*_boot_chan_out	*ChanOut	*_host_chan_out
*_HostOut	*main	_ns_main	*_node_number	*_HostIn	*_ns_exit

Reading file 'comm.trl' from library: /dlirim0/gn.4/tptools/lib/t8lib.tll
ChanInInt	ChanOutInt	ChanIn	ChanOut	ChanReset	ChanInChar
ChanOutChar	

Reading file 'print.trl' from library: /dlirim0/gn.4/tptools/lib/t8lib.tll
*strlen	sprintf	vsprintf	*_ctype_	*memmove	*strchr
_fmt	

Reading file 'ctype.trl' from library: /dlirim0/gn.4/tptools/lib/t8lib.tll
_ctype_	toupper	tolower	

Reading file 'nsio.trl' from library: /dlirim0/gn.4/tptools/lib/t8lib.tll
_ns_printf	*_host_chan_out	_ns_exit	

Reading file 'talloc.trl' from library: /dlirim0/gn.4/tptools/lib/t8lib.tll
ChanAlloc	*malloc	ProcAlloc	SemAlloc	ChanFree	*free
ProcFree	SemFree	

Reading file 'free.trl' from library: /dlirim0/gn.4/tptools/lib/t8lib.tll
*_freelist	*ProcToLow	cfree	free	*ProcToHigh	

Reading file 'malloc.trl' from library: /dlirim0/gn.4/tptools/lib/t8lib.tll
*_freelist	malloc	*ProcToLow	*_heapstart	*_heapend	*ProcToHigh

Reading file 'env.trl' from library: /dlirim0/gn.4/tptools/lib/t8lib.tll
_freelist	_boot_chan_in	_host_chan_in	_boot_chan_out	_host_chan_out	_HostOut
_heapstart	_node_number	_HostIn	_heapend	

Reading file 'memmove.trl' from library: /dlirim0/gn.4/tptools/lib/t8lib.tll
memmove	

Reading file 'pv.trl' from library: /dlirim0/gn.4/tptools/lib/t8lib.tll
*ProcToLow	_HSemP	_SemP	_HSemV	_SemV	*ProcToHigh

Reading file 'strcat.trl' from library: /dlirim0/gn.4/tptools/lib/t8lib.tll
strcat	

Reading file 'strchr.trl' from library: /dlirim0/gn.4/tptools/lib/t8lib.tll
strchr	

Reading file 'strlen.trl' from library: /dlirim0/gn.4/tptools/lib/t8lib.tll
strlen	

Reading file 'switchp.trl' from library: /dlirim0/gn.4/tptools/lib/t8lib.tll
ProcToLow	ProcToHigh	
TLNK Linker, Version 91.1, Copyright (c) 1986-1991 by Logical Systems

Module load map:

Module #0:
	Start:	0x80001000	End:	0x8000F4CB	Size:	0xE4CC
Module #0 contained 0xE4CC (58572) bytes

Module #254:
	Start:	0x8000F4CC	End:	0x8000F4CF	Size:	0x4
Module #254 contained 0x4 (4) bytes
TLNK Linker, Version 91.1, Copyright (c) 1986-1991 by Logical Systems

Symbol table:

ChanAlloc	0x8000F02C	ChanFree	0x8000F03E	ChanIn	0x8000E234
ChanInChar	0x8000E23A	ChanInInt	0x8000E245	ChanOut	0x8000E24F
ChanOutChar	0x8000E255	ChanOutInt	0x8000E25B	ChanReset	0x8000E261
Control_to_Reader	0x800012D4	DEBUG_CHAN	0x800019A8	PHalt	0x8000E160
PJoin	0x8000E16B	PROC	0x8000DE30	PRun	0x8000E17B
PSetup	0x8000E180	PStop	0x8000E1C4	Preader	0x800012C8
ProcAlloc	0x8000F043	ProcAlt	0x8000DF80	ProcAltList	0x8000DF84
ProcFree	0x8000F0B8	ProcInit	0x8000E054	ProcPar	0x8000E088
ProcParList	0x8000E0A0	ProcParam	0x8000E08D	ProcPriPar	0x8000E0E0
ProcRun	0x8000E115	ProcRunHigh	0x8000E12F	ProcRunLow	0x8000E145
ProcSkipAlt	0x8000DFBE	ProcSkipAltList	0x8000DFC2	ProcTimerAlt	0x8000E007
ProcTimerAltList	0x8000E00C	ProcToHigh	0x8000F4B0	ProcToLow	0x8000F494
Pwriter	0x800012CC	Reader_to_Writer	0x800012D0	SemAlloc	0x8000F0C1
SemFree	0x8000F0DA	Writer_to_Control	0x800012D8	_HSemP	0x8000F3B0
_HSemV	0x8000F3CE	_HostIn	0x8000F31C	_HostOut	0x8000F320
_SemP	0x8000F3ED	_SemV	0x8000F415	_boot_chan_in	0x8000F30C
_boot_chan_out	0x8000F310	_ctype_	0x8000ED7C	_fmt	0x8000E8FC
_freelist	0x8000F328	_heapend	0x8000F330	_heapstart	0x8000F32C
_host_chan_in	0x8000F314	_host_chan_out	0x8000F318	_node_number	0x8000F324
_ns_exit	0x8000EF46	_ns_main	0x8000E1D0	_ns_printf	0x8000EF4A
addfree	0x8000DF1C	bad_msg	0x80002244	bcopy	0x8000E1C8
cfree	0x8000F0E4	chan_list	0x80001244	command	0x80001074
control	0x800018B4	debug_buf	0x800019BC	debug_send	0x80001A48
deq	0x8000210B	emptyq	0x80002124	enq	0x800020F6
execute_proc	0x8000DECE	free	0x8000F0E8	fullq	0x8000212C
hw_chan	0x80001BA8	kill_proc	0x8000DE34	main	0x800012E4
malloc	0x8000F1F4	mem_alloc	0x80001716	mem_blocks	0x8000104C
mem_free	0x80001809	mem_init	0x800016E8	mem_print	0x80001638
mem_sem	0x8000162C	mem_size	0x80001048	mem_use	0x80001050
memmove	0x8000F340	memory	0x80001070	myExecuteProc	0x800013F8
num_command	0x800010C0	out_chan	0x80001B98	prog	0x800022AC
q_alloc	0x800020E2	read_int	0x80001502	read_var	0x80001FF1
reader	0x80001BFC	readv_cmnds	0x800011C4	router	0x80001BB8
running	0x8000DE2C	send_debug	0x80001A98	seqSrcID	0x80001299
set_int	0x80001425	set_var	0x80001EF7	setv_cmnds	0x80001144
sprintf	0x8000ED41	startMsg	0x800013CC	strcat	0x8000F438
strchr	0x8000F460	strlen	0x8000F47C	tolower	0x8000EE8E
toupper	0x8000EE7D	trace_flag	0x800012C4	var	0x80002174
var_ptr	0x800010C4	vsprintf	0x8000ED5F	writer	0x80001DEE

Load address:	0x80001000	Stack address:	0x80001000
Entry point [_ns_main]:	0x8000E1D0

External symbols: 117	External symbol table usage: 5%
Total symbols:    475	Total symbol table usage:    8%

No errors detected
